Sep 10 02:17:43 server daemon[111]: message sample 1
Sep 10 02:17:44 server daemon[111]: message sample 2
Sep 10 02:17:45 server daemon[111]: message sample 3
Sep 10 02:17:46 server daemon[111]: message sample 4
Sep 10 02:17:47 server daemon[111]: message sample 5
Sep 10 02:17:48 server daemon[111]: message sample 6
